// Vitest Snapshot v1, https://vitest.dev/guide/snapshot.html

exports[`About content page > should render component 1`] = `
<body>
  <div>
    <h1
      class="MuiTypography-root MuiTypography-h1 css-js3oe9-MuiTypography-root"
    >
      About
    </h1>
    <button
      class="MuiButtonBase-root MuiButton-root MuiButton-contained MuiButton-containedPrimary MuiButton-sizeMedium MuiButton-containedSizeMedium MuiButton-colorPrimary MuiButton-fullWidth MuiButton-root MuiButton-contained MuiButton-containedPrimary MuiButton-sizeMedium MuiButton-containedSizeMedium MuiButton-colorPrimary MuiButton-fullWidth css-1yujjup-MuiButtonBase-root-MuiButton-root"
      tabindex="0"
      type="button"
    >
      <span>
        show
      </span>
    </button>
  </div>
</body>
`;
